[isolated-plugin] spawned worker for "C:\Users\aalid\A3Service\node_modules\nx\src\plugins\js" (pid: 57784, socket: \\.\pipe\nx\C:\Users\aalid\AppData\Local\Temp\plugin42400-0-754.8622.sock)
[isolated-plugin] spawned worker for "C:\Users\aalid\A3Service\node_modules\nx\src\plugins\package-json" (pid: 19368, socket: \\.\pipe\nx\C:\Users\aalid\AppData\Local\Temp\plugin42400-1-769.5564.sock)
[isolated-plugin] spawned worker for "C:\Users\aalid\A3Service\node_modules\nx\src\plugins\project-json\build-nodes\project-json" (pid: 57320, socket: \\.\pipe\nx\C:\Users\aalid\AppData\Local\Temp\plugin42400-2-780.1368.sock)
[isolated-plugin] spawned worker for "@nx/js/typescript" (pid: 21176, socket: \\.\pipe\nx\C:\Users\aalid\AppData\Local\Temp\plugin42400-3-791.7956.sock)
[isolated-plugin] spawned worker for "@nx/expo/plugin" (pid: 36948, socket: \\.\pipe\nx\C:\Users\aalid\AppData\Local\Temp\plugin42400-4-805.5061.sock)
[isolated-plugin] spawned worker for "@nx/eslint/plugin" (pid: 59096, socket: \\.\pipe\nx\C:\Users\aalid\AppData\Local\Temp\plugin42400-5-817.2017.sock)
[isolated-plugin] spawned worker for "@nx/jest/plugin" (pid: 60212, socket: \\.\pipe\nx\C:\Users\aalid\AppData\Local\Temp\plugin42400-6-844.5327.sock)
[isolated-plugin] spawned worker for "@nx/webpack/plugin" (pid: 59376, socket: \\.\pipe\nx\C:\Users\aalid\AppData\Local\Temp\plugin42400-7-855.8767.sock)
[isolated-plugin] spawned worker for "@nx/vitest" (pid: 54376, socket: \\.\pipe\nx\C:\Users\aalid\AppData\Local\Temp\plugin42400-8-869.4511.sock)
[isolated-plugin] connected to worker for "C:\Users\aalid\A3Service\node_modules\nx\src\plugins\js" (pid: 57784) after 22 attempt(s)
[plugin-worker] "C:\Users\aalid\A3Service\node_modules\nx\src\plugins\js" (pid: 57784) listening on \\.\pipe\nx\C:\Users\aalid\AppData\Local\Temp\plugin42400-0-754.8622.sock
[plugin-worker] "C:\Users\aalid\A3Service\node_modules\nx\src\plugins\js" (pid: 57784) connected
[plugin-worker] "C:\Users\aalid\A3Service\node_modules\nx\src\plugins\js" (pid: 57784) loaded successfully
[plugin-worker] "C:\Users\aalid\A3Service\node_modules\nx\src\plugins\project-json\build-nodes\project-json" (pid: 57320) listening on \\.\pipe\nx\C:\Users\aalid\AppData\Local\Temp\plugin42400-2-780.1368.sock
[plugin-worker] "C:\Users\aalid\A3Service\node_modules\nx\src\plugins\package-json" (pid: 19368) listening on \\.\pipe\nx\C:\Users\aalid\AppData\Local\Temp\plugin42400-1-769.5564.sock
[plugin-worker] "@nx/expo/plugin" (pid: 36948) listening on \\.\pipe\nx\C:\Users\aalid\AppData\Local\Temp\plugin42400-4-805.5061.sock
[plugin-worker] "@nx/vitest" (pid: 54376) listening on \\.\pipe\nx\C:\Users\aalid\AppData\Local\Temp\plugin42400-8-869.4511.sock
[plugin-worker] "@nx/webpack/plugin" (pid: 59376) listening on \\.\pipe\nx\C:\Users\aalid\AppData\Local\Temp\plugin42400-7-855.8767.sock
[plugin-worker] "@nx/eslint/plugin" (pid: 59096) listening on \\.\pipe\nx\C:\Users\aalid\AppData\Local\Temp\plugin42400-5-817.2017.sock
[plugin-worker] "@nx/jest/plugin" (pid: 60212) listening on \\.\pipe\nx\C:\Users\aalid\AppData\Local\Temp\plugin42400-6-844.5327.sock
[plugin-worker] "@nx/js/typescript" (pid: 21176) listening on \\.\pipe\nx\C:\Users\aalid\AppData\Local\Temp\plugin42400-3-791.7956.sock
[isolated-plugin] connected to worker for "C:\Users\aalid\A3Service\node_modules\nx\src\plugins\package-json" (pid: 19368) after 22 attempt(s)
[isolated-plugin] connected to worker for "C:\Users\aalid\A3Service\node_modules\nx\src\plugins\project-json\build-nodes\project-json" (pid: 57320) after 22 attempt(s)
[isolated-plugin] connected to worker for "@nx/js/typescript" (pid: 21176) after 22 attempt(s)
[isolated-plugin] connected to worker for "@nx/expo/plugin" (pid: 36948) after 22 attempt(s)
[isolated-plugin] connected to worker for "@nx/eslint/plugin" (pid: 59096) after 22 attempt(s)
[isolated-plugin] connected to worker for "@nx/jest/plugin" (pid: 60212) after 22 attempt(s)
[isolated-plugin] connected to worker for "@nx/webpack/plugin" (pid: 59376) after 22 attempt(s)
[isolated-plugin] connected to worker for "@nx/vitest" (pid: 54376) after 22 attempt(s)
[plugin-worker] "C:\Users\aalid\A3Service\node_modules\nx\src\plugins\project-json\build-nodes\project-json" (pid: 57320) connected
[plugin-worker] "C:\Users\aalid\A3Service\node_modules\nx\src\plugins\package-json" (pid: 19368) connected
[plugin-worker] "@nx/expo/plugin" (pid: 36948) connected
[plugin-worker] "@nx/js/typescript" (pid: 21176) connected
[plugin-worker] "@nx/webpack/plugin" (pid: 59376) connected
[plugin-worker] "@nx/eslint/plugin" (pid: 59096) connected
[plugin-worker] "@nx/vitest" (pid: 54376) connected
[plugin-worker] "@nx/jest/plugin" (pid: 60212) connected
[plugin-worker] "C:\Users\aalid\A3Service\node_modules\nx\src\plugins\project-json\build-nodes\project-json" (pid: 57320) loaded successfully
[plugin-worker] "C:\Users\aalid\A3Service\node_modules\nx\src\plugins\package-json" (pid: 19368) loaded successfully
[plugin-worker] "@nx/jest/plugin" (pid: 60212) loaded successfully
[plugin-worker] "@nx/webpack/plugin" (pid: 59376) loaded successfully
[plugin-worker] "@nx/eslint/plugin" (pid: 59096) loaded successfully
[plugin-worker] "@nx/js/typescript" (pid: 21176) loaded successfully
[plugin-worker] "@nx/expo/plugin" (pid: 36948) loaded successfully
[plugin-worker] "@nx/vitest" (pid: 54376) loaded successfully
[isolated-plugin] shutting down worker for "nx/core/project-json" after createNodes
[isolated-plugin] shutting down worker for "@nx/expo/plugin" after createNodes
[isolated-plugin] shutting down worker for "nx/core/package-json" after createNodes
[isolated-plugin] shutting down worker for "@nx/jest/plugin" after createNodes
[isolated-plugin] shutting down worker for "@nx/webpack/plugin" after createNodes
[isolated-plugin] shutting down worker for "@nx/vitest" after createNodes
[isolated-plugin] shutting down worker for "@nx/eslint/plugin" after createNodes
[isolated-plugin] shutting down worker for "@nx/js/typescript" after createDependencies
[isolated-plugin] shutting down worker for "nx/js/dependencies-and-lockfile" after createDependencies
[NX CLOUD] Verifying current cloud bundle
[NX CLOUD] A local bundle currently exists:  {
  version: '2605.29.1',
  fullPath: 'C:\\Users\\aalid\\A3Service\\.nx\\cache\\cloud\\2605.29.1'
}
[NX CLOUD] Last verification was within the past 30 minutes, will not verify this time
[NX CLOUD] Done:  C:\Users\aalid\A3Service\.nx\cache\cloud\2605.29.1
node.exe : Was not able to require.resolve module nx/src/utils/app-root from the following paths: 
C:\Users\aalid\A3Service\node_modules\nx\node_modules,C:\Users\aalid\A3Service\node_modules. This may be expected.
At C:\Program Files\nodejs\npx.ps1:29 char:3
+   & $NODE_EXE $NPX_CLI_JS $args
+   ~~~~~~~~~~~~~~~~~~~~~~~~~~~~~
    + CategoryInfo          : NotSpecified: (Was not able to...ay be expected.:String) [], RemoteException
    + FullyQualifiedErrorId : NativeCommandError
 
Was not able to require.resolve module nx/src/utils/app-root from the following paths: 
C:\Users\aalid\A3Service\node_modules\nx\node_modules,C:\Users\aalid\A3Service\node_modules. This may be expected.
[NX CLOUD] Verifying current cloud bundle
[NX CLOUD] A local bundle currently exists:  {
  version: '2605.29.1',
  fullPath: 'C:\\Users\\aalid\\A3Service\\.nx\\cache\\cloud\\2605.29.1'
}
[NX CLOUD] Last verification was within the past 30 minutes, will not verify this time
[NX CLOUD] Done:  C:\Users\aalid\A3Service\.nx\cache\cloud\2605.29.1
[Nx Cloud Debug] Attempting to acquire filesystem lock with path:  C:\Users\aalid\AppData\Local\Temp\client-instance-id.lock
[Nx Cloud Debug] Failed to create folder lock at path: C:\Users\aalid\AppData\Local\Temp\client-instance-id.lock
[Nx Cloud] Unable to detect a VCS context from the environment.

[7m[1m[38;5;214m NX [39m[22m[27m  [38;5;214mRunStart[39m


{
  "branch": null,
  "runGroup": "7cc4d3f5b029a81966739481b3e5e532305f508a",
  "ciExecutionId": null,
  "ciExecutionEnv": "",
  "hashes": [
    "18177515637742178651"
  ],
  "machineInfo": {
    "machineId": "z036FyW1u2Je376KnNBkog==",
    "platform": "win32",
    "version": "Windows 11 Home",
    "cpuCores": 4
  },
  "vcsContext": null,
  "clientInstanceSource": "CLOUD_RUNNER",
  "clientInstanceId": "4b1f7fd7-f2f2-48f3-b387-20781c5fbdee"
}

RunStart duration: 256

[7m[1m[38;5;214m NX [39m[22m[27m  [38;5;214mNx Cloud: Cache miss 18177515637742178651.[39m


[2m> [22m[2mnx run[22m mobile:test

[2m> [22mjest

[0m[7m[1m[31m FAIL [39m[22m[27m[0m [0m[7m[37m mobile [39m[27m[0m 
[2msrc/services/[22m[1mjobs-sync.service.spec.ts[22m
  [1mΓùÅ [22mConsole

    [2m[33mconsole.warn[39m[22m
[33m      [≡ƒìë] LokiJSAdapter {useIncrementalIndexedDB: false} option is now deprecated. If you rely on this 
feature, please file an issue[39m
[2m[22m
[2m    [0m [90m 3 |[39m [36mexport[39m [36mdefault[39m [36mclass[39m [33mMockSQLiteAdapter[39m 
[36mextends[39m [33mLokiJSAdapter[39m {[22m
[2m     [90m 4 |[39m   [90m// eslint-disable-next-line @typescript-eslint/no-explicit-any[39m[22m
[2m    [31m[1m>[22m[2m[39m[90m 5 |[39m   constructor(config[33m:[39m any) {[22m
[2m     [90m   |[39m                            [31m[1m^[22m[2m[39m[22m
[2m     [90m 6 |[39m     [36msuper[39m({[22m
[2m     [90m 7 |[39m       schema[33m:[39m config[33m.[39mschema[33m,[39m[22m
[2m     [90m 8 |[39m       migrations[33m:[39m config[33m.[39mmigrations[33m,[39m[0m[22m
[2m[22m
[2m      [2mat Logger._proto.warn 
([22m[2m../../node_modules/@nozbe/watermelondb/utils/common/logger/index.js[2m:27:47)[22m[2m[22m
[2m      [2mat new LokiJSAdapter 
([22m[2m../../node_modules/@nozbe/watermelondb/adapters/lokijs/index.js[2m:33:25)[22m[2m[22m
[2m      [2mat _callSuper ([22m[2m../../node_modules/@babel/runtime/helpers/callSuper.js[2m:5:99)[22m[2m[22m
[2m      [2mat new MockSQLiteAdapter ([22m[2msrc/storage/__mocks__/sqlite-mock.ts[2m:5:28)[22m[2m[22m
[2m      [2mat getDatabase ([22m[2msrc/storage/index.ts[2m:25:21)[22m[2m[22m
[2m      [2mat Object.getDatabase [as get] ([22m[2msrc/storage/index.ts[2m:60:13)[22m[2m[22m
[2m      [2mat Object.get ([22m[2msrc/storage/repositories/jobs.repository.ts[2m:40:33)[22m[2m[22m
[2m      [2mat Object.require ([22m[2msrc/services/jobs-sync.service.ts[2m:1:1)[22m[2m[22m
[2m      [2mat Object.require 
([22m[2m[0m[36msrc/services/jobs-sync.service.spec.ts[39m[0m[2m:1:1)[22m[2m[22m

    [2mconsole.log[22m
      [≡ƒìë] [Loki] Initializing IndexedDB
[2m[22m
[2m      [2mat Logger._proto.log 
([22m[2m../../node_modules/@nozbe/watermelondb/utils/common/logger/index.js[2m:23:46)[22m[2m[22m

    [2mconsole.log[22m
      [≡ƒìë] [Loki] Database loaded
[2m[22m
[2m      [2mat Logger._proto.log 
([22m[2m../../node_modules/@nozbe/watermelondb/utils/common/logger/index.js[2m:23:46)[22m[2m[22m

    [2mconsole.log[22m
      [≡ƒìë] [Loki] Empty database, setting up
[2m[22m
[2m      [2mat Logger._proto.log 
([22m[2m../../node_modules/@nozbe/watermelondb/utils/common/logger/index.js[2m:23:46)[22m[2m[22m

    [2mconsole.log[22m
      [≡ƒìë] [Loki] Database is now reset
[2m[22m
[2m      [2mat Logger._proto.log 
([22m[2m../../node_modules/@nozbe/watermelondb/utils/common/logger/index.js[2m:23:46)[22m[2m[22m

    [2mconsole.log[22m
      [≡ƒìë] [Loki] Initializing IndexedDB
[2m[22m
[2m      [2mat Logger._proto.log 
([22m[2m../../node_modules/@nozbe/watermelondb/utils/common/logger/index.js[2m:23:46)[22m[2m[22m

    [2mconsole.log[22m
      [≡ƒìë] [Loki] Database loaded
[2m[22m
[2m      [2mat Logger._proto.log 
([22m[2m../../node_modules/@nozbe/watermelondb/utils/common/logger/index.js[2m:23:46)[22m[2m[22m

    [2mconsole.log[22m
      [≡ƒìë] [Loki] Setting up schema
[2m[22m
[2m      [2mat Logger._proto.log 
([22m[2m../../node_modules/@nozbe/watermelondb/utils/common/logger/index.js[2m:23:46)[22m[2m[22m

    [2mconsole.log[22m
      [≡ƒìë] [Loki] Database collections set up
[2m[22m
[2m      [2mat Logger._proto.log 
([22m[2m../../node_modules/@nozbe/watermelondb/utils/common/logger/index.js[2m:23:46)[22m[2m[22m

[1m[31m  [1mΓùÅ [22m[1mjobs-sync.service ΓÇ║ syncJobsWithServer (pushPendingQueue) ΓÇ║ pushes pending 
operations[39m[22m

    [2mexpect([22m[31mreceived[39m[2m).[22mtoBe[2m([22m[32mexpected[39m[2m) // Object.is equality[22m

    Expected: [32m2[39m
    Received: [31m1[39m
[2m[22m
[2m    [0m [90m  97 |[39m[22m
[2m     [90m  98 |[39m       [36mconst[39m summary [33m=[39m [36mawait[39m 
syncJobsWithServer([32m'token-123'[39m)[33m;[39m[22m
[2m    [31m[1m>[22m[2m[39m[90m  99 |[39m       
expect(summary[33m.[39mpushed)[33m.[39mtoBe([35m2[39m)[33m;[39m[22m
[2m     [90m     |[39m                              [31m[1m^[22m[2m[39m[22m
[2m     [90m 100 |[39m       expect(summary[33m.[39mfailed)[33m.[39mtoBe([35m1[39m)[33m;[39m[22m
[2m     [90m 101 |[39m     })[33m;[39m[22m
[2m     [90m 102 |[39m   })[33m;[39m[0m[22m
[2m[22m
[2m      [2mat Object.toBe 
([22m[2m[0m[36msrc/services/jobs-sync.service.spec.ts[39m[0m[2m:99:30)[22m[2m[22m
[2m      [2mat asyncGeneratorStep 
([22m[2m../../node_modules/@babel/runtime/helpers/asyncToGenerator.js[2m:3:17)[22m[2m[22m
[2m      [2mat _next ([22m[2m../../node_modules/@babel/runtime/helpers/asyncToGenerator.js[2m:17:9)[22m[2m[22m

[0m[7m[1m[31m FAIL [39m[22m[27m[0m [0m[7m[37m mobile [39m[27m[0m 
[2msrc/services/[22m[1munified-sync.service.spec.ts[22m
  [1mΓùÅ [22mConsole

    [2m[33mconsole.warn[39m[22m
[33m      [≡ƒìë] LokiJSAdapter {useIncrementalIndexedDB: false} option is now deprecated. If you rely on this 
feature, please file an issue[39m
[2m[22m
[2m    [0m [90m 3 |[39m [36mexport[39m [36mdefault[39m [36mclass[39m [33mMockSQLiteAdapter[39m 
[36mextends[39m [33mLokiJSAdapter[39m {[22m
[2m     [90m 4 |[39m   [90m// eslint-disable-next-line @typescript-eslint/no-explicit-any[39m[22m
[2m    [31m[1m>[22m[2m[39m[90m 5 |[39m   constructor(config[33m:[39m any) {[22m
[2m     [90m   |[39m                            [31m[1m^[22m[2m[39m[22m
[2m     [90m 6 |[39m     [36msuper[39m({[22m
[2m     [90m 7 |[39m       schema[33m:[39m config[33m.[39mschema[33m,[39m[22m
[2m     [90m 8 |[39m       migrations[33m:[39m config[33m.[39mmigrations[33m,[39m[0m[22m
[2m[22m
[2m      [2mat Logger._proto.warn 
([22m[2m../../node_modules/@nozbe/watermelondb/utils/common/logger/index.js[2m:27:47)[22m[2m[22m
[2m      [2mat new LokiJSAdapter 
([22m[2m../../node_modules/@nozbe/watermelondb/adapters/lokijs/index.js[2m:33:25)[22m[2m[22m
[2m      [2mat _callSuper ([22m[2m../../node_modules/@babel/runtime/helpers/callSuper.js[2m:5:99)[22m[2m[22m
[2m      [2mat new MockSQLiteAdapter ([22m[2msrc/storage/__mocks__/sqlite-mock.ts[2m:5:28)[22m[2m[22m
[2m      [2mat getDatabase ([22m[2msrc/storage/index.ts[2m:25:21)[22m[2m[22m
[2m      [2mat Object.getDatabase [as get] ([22m[2msrc/storage/index.ts[2m:60:13)[22m[2m[22m
[2m      [2mat Object.get ([22m[2msrc/storage/repositories/sync-queue.repository.ts[2m:17:38)[22m[2m[22m
[2m      [2mat Object.require ([22m[2msrc/services/unified-sync.service.ts[2m:2:1)[22m[2m[22m
[2m      [2mat Object.require 
([22m[2m[0m[36msrc/services/unified-sync.service.spec.ts[39m[0m[2m:1:1)[22m[2m[22m

    [2mconsole.log[22m
      [≡ƒìë] [Loki] Initializing IndexedDB
[2m[22m
[2m      [2mat Logger._proto.log 
([22m[2m../../node_modules/@nozbe/watermelondb/utils/common/logger/index.js[2m:23:46)[22m[2m[22m

    [2mconsole.log[22m
      [≡ƒìë] [Loki] Database loaded
[2m[22m
[2m      [2mat Logger._proto.log 
([22m[2m../../node_modules/@nozbe/watermelondb/utils/common/logger/index.js[2m:23:46)[22m[2m[22m

    [2mconsole.log[22m
      [≡ƒìë] [Loki] Empty database, setting up
[2m[22m
[2m      [2mat Logger._proto.log 
([22m[2m../../node_modules/@nozbe/watermelondb/utils/common/logger/index.js[2m:23:46)[22m[2m[22m

    [2mconsole.log[22m
      [≡ƒìë] [Loki] Database is now reset
[2m[22m
[2m      [2mat Logger._proto.log 
([22m[2m../../node_modules/@nozbe/watermelondb/utils/common/logger/index.js[2m:23:46)[22m[2m[22m

    [2mconsole.log[22m
      [≡ƒìë] [Loki] Initializing IndexedDB
[2m[22m
[2m      [2mat Logger._proto.log 
([22m[2m../../node_modules/@nozbe/watermelondb/utils/common/logger/index.js[2m:23:46)[22m[2m[22m

    [2mconsole.log[22m
      [≡ƒìë] [Loki] Database loaded
[2m[22m
[2m      [2mat Logger._proto.log 
([22m[2m../../node_modules/@nozbe/watermelondb/utils/common/logger/index.js[2m:23:46)[22m[2m[22m

    [2mconsole.log[22m
      [≡ƒìë] [Loki] Setting up schema
[2m[22m
[2m      [2mat Logger._proto.log 
([22m[2m../../node_modules/@nozbe/watermelondb/utils/common/logger/index.js[2m:23:46)[22m[2m[22m

    [2mconsole.log[22m
      [≡ƒìë] [Loki] Database collections set up
[2m[22m
[2m      [2mat Logger._proto.log 
([22m[2m../../node_modules/@nozbe/watermelondb/utils/common/logger/index.js[2m:23:46)[22m[2m[22m

[1m[31m  [1mΓùÅ [22m[1munified-sync.service ΓÇ║ syncAll ΓÇ║ creates a sync log and syncs components[39m[22m

    ReferenceError: syncAll is not defined
[2m[22m
[2m    [0m [90m 40 |[39m       })[33m;[39m[22m
[2m     [90m 41 |[39m[22m
[2m    [31m[1m>[22m[2m[39m[90m 42 |[39m       [36mconst[39m summary [33m=[39m [36mawait[39m 
syncAll([32m'token-123'[39m)[33m;[39m[22m
[2m     [90m    |[39m                    [31m[1m^[22m[2m[39m[22m
[2m     [90m 43 |[39m       expect(summary[33m.[39mstatus)[33m.[39mtoBe([32m'success'[39m)[33m;[39m[22m
[2m     [90m 44 |[39m       
expect(summary[33m.[39mdetails[33m?[39m[33m.[39mjobs)[33m.[39mtoBeDefined()[33m;[39m[22m
[2m     [90m 45 |[39m[0m[22m
[2m[22m
[2m      [2mat Object.<anonymous> 
([22m[2m[0m[36msrc/services/unified-sync.service.spec.ts[39m[0m[2m:42:20)[22m[2m[22m
[2m      [2mat asyncGeneratorStep 
([22m[2m../../node_modules/@babel/runtime/helpers/asyncToGenerator.js[2m:3:17)[22m[2m[22m
[2m      [2mat _next ([22m[2m../../node_modules/@babel/runtime/helpers/asyncToGenerator.js[2m:17:9)[22m[2m[22m
[2m      [2mat [22m[2m../../node_modules/@babel/runtime/helpers/asyncToGenerator.js[2m:22:7[22m[2m[22m
[2m      [2mat Object.<anonymous> 
([22m[2m../../node_modules/@babel/runtime/helpers/asyncToGenerator.js[2m:14:12)[22m[2m[22m

[1m[31m  [1mΓùÅ [22m[1munified-sync.service ΓÇ║ syncAll ΓÇ║ handles failure during sync[39m[22m

    ReferenceError: JobsSyncService is not defined
[2m[22m
[2m    [0m [90m 50 |[39m     it([32m'handles failure during sync'[39m[33m,[39m [36masync[39m () [33m=>[39m 
{[22m
[2m     [90m 51 |[39m       fetchMock[33m.[39mmockRejectedValue([36mnew[39m [33mError[39m([32m'Network 
error'[39m))[33m;[39m[22m
[2m    [31m[1m>[22m[2m[39m[90m 52 |[39m       ([33mJobsSyncService[39m[33m.[39msyncJobsWithServer 
[36mas[39m jest[33m.[39m[33mMock[39m)[33m.[39mmockRejectedValueOnce([36mnew[39m [33mError[39m([32m'Jobs 
sync failed'[39m))[33m;[39m[22m
[2m     [90m    |[39m        [31m[1m^[22m[2m[39m[22m
[2m     [90m 53 |[39m[22m
[2m     [90m 54 |[39m       [36mconst[39m summary [33m=[39m [36mawait[39m 
syncAll([32m'token-123'[39m)[33m;[39m[22m
[2m     [90m 55 |[39m       expect(summary[33m.[39mstatus)[33m.[39mtoBe([32m'failed'[39m)[33m;[39m[0m[22m
[2m[22m
[2m      [2mat Object.JobsSyncService 
([22m[2m[0m[36msrc/services/unified-sync.service.spec.ts[39m[0m[2m:52:8)[22m[2m[22m
[2m      [2mat asyncGeneratorStep 
([22m[2m../../node_modules/@babel/runtime/helpers/asyncToGenerator.js[2m:3:17)[22m[2m[22m
[2m      [2mat _next ([22m[2m../../node_modules/@babel/runtime/helpers/asyncToGenerator.js[2m:17:9)[22m[2m[22m
[2m      [2mat [22m[2m../../node_modules/@babel/runtime/helpers/asyncToGenerator.js[2m:22:7[22m[2m[22m
[2m      [2mat Object.<anonymous> 
([22m[2m../../node_modules/@babel/runtime/helpers/asyncToGenerator.js[2m:14:12)[22m[2m[22m

[1m[31m  [1mΓùÅ [22m[1munified-sync.service ΓÇ║ syncAll ΓÇ║ syncs catalog correctly[39m[22m

    ReferenceError: syncAll is not defined
[2m[22m
[2m    [0m [90m 68 |[39m         ])[33m,[39m[22m
[2m     [90m 69 |[39m       })[33m;[39m[22m
[2m    [31m[1m>[22m[2m[39m[90m 70 |[39m       [36mconst[39m summary [33m=[39m [36mawait[39m 
syncAll([32m'token-123'[39m[33m,[39m { syncCatalog[33m:[39m [36mtrue[39m })[33m;[39m[22m
[2m     [90m    |[39m                    [31m[1m^[22m[2m[39m[22m
[2m     [90m 71 |[39m       expect(summary[33m.[39mstatus)[33m.[39mtoBe([32m'success'[39m)[33m;[39m[22m
[2m     [90m 72 |[39m     })[33m;[39m[22m
[2m     [90m 73 |[39m[0m[22m
[2m[22m
[2m      [2mat Object.<anonymous> 
([22m[2m[0m[36msrc/services/unified-sync.service.spec.ts[39m[0m[2m:70:20)[22m[2m[22m
[2m      [2mat asyncGeneratorStep 
([22m[2m../../node_modules/@babel/runtime/helpers/asyncToGenerator.js[2m:3:17)[22m[2m[22m
[2m      [2mat _next ([22m[2m../../node_modules/@babel/runtime/helpers/asyncToGenerator.js[2m:17:9)[22m[2m[22m
[2m      [2mat [22m[2m../../node_modules/@babel/runtime/helpers/asyncToGenerator.js[2m:22:7[22m[2m[22m
[2m      [2mat Object.<anonymous> 
([22m[2m../../node_modules/@babel/runtime/helpers/asyncToGenerator.js[2m:14:12)[22m[2m[22m

[1m[31m  [1mΓùÅ [22m[1munified-sync.service ΓÇ║ syncAll ΓÇ║ syncs warranties correctly[39m[22m

    ReferenceError: syncAll is not defined
[2m[22m
[2m    [0m [90m 79 |[39m         ])[33m,[39m[22m
[2m     [90m 80 |[39m       })[33m;[39m[22m
[2m    [31m[1m>[22m[2m[39m[90m 81 |[39m       [36mconst[39m summary [33m=[39m [36mawait[39m 
syncAll([32m'token-123'[39m[33m,[39m { syncWarranties[33m:[39m [36mtrue[39m })[33m;[39m[22m
[2m     [90m    |[39m                    [31m[1m^[22m[2m[39m[22m
[2m     [90m 82 |[39m       expect(summary[33m.[39mstatus)[33m.[39mtoBe([32m'success'[39m)[33m;[39m[22m
[2m     [90m 83 |[39m     })[33m;[39m[22m
[2m     [90m 84 |[39m   })[33m;[39m[0m[22m
[2m[22m
[2m      [2mat Object.<anonymous> 
([22m[2m[0m[36msrc/services/unified-sync.service.spec.ts[39m[0m[2m:81:20)[22m[2m[22m
[2m      [2mat asyncGeneratorStep 
([22m[2m../../node_modules/@babel/runtime/helpers/asyncToGenerator.js[2m:3:17)[22m[2m[22m
[2m      [2mat _next ([22m[2m../../node_modules/@babel/runtime/helpers/asyncToGenerator.js[2m:17:9)[22m[2m[22m
[2m      [2mat [22m[2m../../node_modules/@babel/runtime/helpers/asyncToGenerator.js[2m:22:7[22m[2m[22m
[2m      [2mat Object.<anonymous> 
([22m[2m../../node_modules/@babel/runtime/helpers/asyncToGenerator.js[2m:14:12)[22m[2m[22m

[1m[31m  [1mΓùÅ [22m[1munified-sync.service ΓÇ║ pushes expenses (INSERT, UPDATE, DELETE) successfully[39m[22m

    [2mexpect([22m[31mreceived[39m[2m).[22mtoBe[2m([22m[32mexpected[39m[2m) // Object.is equality[22m

    Expected: [32m3[39m
    Received: [31m0[39m
[2m[22m
[2m    [0m [90m 220 |[39m[22m
[2m     [90m 221 |[39m     [36mconst[39m summary [33m=[39m [36mawait[39m 
executeUnifiedSync([32m'token-123'[39m)[33m;[39m[22m
[2m    [31m[1m>[22m[2m[39m[90m 222 |[39m     
expect(summary[33m.[39mrecordsPushed)[33m.[39mtoBe([35m3[39m)[33m;[39m[22m
[2m     [90m     |[39m                                   [31m[1m^[22m[2m[39m[22m
[2m     [90m 223 |[39m     expect(summary[33m.[39mfailures)[33m.[39mtoBe([35m0[39m)[33m;[39m[22m
[2m     [90m 224 |[39m   })[33m;[39m[22m
[2m     [90m 225 |[39m[0m[22m
[2m[22m
[2m      [2mat Object.toBe 
([22m[2m[0m[36msrc/services/unified-sync.service.spec.ts[39m[0m[2m:222:35)[22m[2m[22m
[2m      [2mat asyncGeneratorStep 
([22m[2m../../node_modules/@babel/runtime/helpers/asyncToGenerator.js[2m:3:17)[22m[2m[22m
[2m      [2mat _next ([22m[2m../../node_modules/@babel/runtime/helpers/asyncToGenerator.js[2m:17:9)[22m[2m[22m

[1m[31m  [1mΓùÅ [22m[1munified-sync.service ΓÇ║ pushes warranties, labor entries, and consumed parts[39m[22m

    [2mexpect([22m[31mreceived[39m[2m).[22mtoBe[2m([22m[32mexpected[39m[2m) // Object.is equality[22m

    Expected: [32m4[39m
    Received: [31m0[39m
[2m[22m
[2m    [0m [90m 271 |[39m[22m
[2m     [90m 272 |[39m     [36mconst[39m summary [33m=[39m [36mawait[39m 
executeUnifiedSync([32m'token-123'[39m)[33m;[39m[22m
[2m    [31m[1m>[22m[2m[39m[90m 273 |[39m     
expect(summary[33m.[39mrecordsPushed)[33m.[39mtoBe([35m4[39m)[33m;[39m[22m
[2m     [90m     |[39m                                   [31m[1m^[22m[2m[39m[22m
[2m     [90m 274 |[39m     expect(summary[33m.[39mfailures)[33m.[39mtoBe([35m0[39m)[33m;[39m[22m
[2m     [90m 275 |[39m   })[33m;[39m[22m
[2m     [90m 276 |[39m })[33m;[39m[0m[22m
[2m[22m
[2m      [2mat Object.toBe 
([22m[2m[0m[36msrc/services/unified-sync.service.spec.ts[39m[0m[2m:273:35)[22m[2m[22m
[2m      [2mat asyncGeneratorStep 
([22m[2m../../node_modules/@babel/runtime/helpers/asyncToGenerator.js[2m:3:17)[22m[2m[22m
[2m      [2mat _next ([22m[2m../../node_modules/@babel/runtime/helpers/asyncToGenerator.js[2m:17:9)[22m[2m[22m

[0m[7m[1m[32m PASS [39m[22m[27m[0m [0m[7m[37m mobile [39m[27m[0m 
[2msrc/app/[22m[1manalytics.spec.tsx[22m
[0m[7m[1m[32m PASS [39m[22m[27m[0m [0m[7m[37m mobile [39m[27m[0m 
[2msrc/services/[22m[1mauth.service.spec.tsx[22m
  [1mΓùÅ [22mConsole

    [2m[31mconsole.error[39m[22m
[31m      An update to AuthProvider inside a test was not wrapped in act(...).[39m
[31m      [39m
[31m      When testing, code that causes React state updates should be wrapped into act(...):[39m
[31m      [39m
[31m      act(() => {[39m
[31m        /* fire events that update state */[39m
[31m      });[39m
[31m      /* assert on the output */[39m
[31m      [39m
[31m      This ensures that you're testing the behavior the user would see in the browser. Learn more at 
https://react.dev/link/wrap-tests-with-act[39m
[2m[22m
[2m    [0m [90m 213 |[39m     }[22m
[2m     [90m 214 |[39m[22m
[2m    [31m[1m>[22m[2m[39m[90m 215 |[39m     setLoading([36mtrue[39m)[33m;[39m[22m
[2m     [90m     |[39m     [31m[1m^[22m[2m[39m[22m
[2m     [90m 216 |[39m     [36mtry[39m {[22m
[2m     [90m 217 |[39m       [36mawait[39m clearSession()[33m;[39m[22m
[2m     [90m 218 |[39m     } [36mfinally[39m {[0m[22m
[2m[22m
[2m      [2mat 
[22m[2m../../node_modules/react-test-renderer/cjs/react-test-renderer.development.js[2m:11801:19[22m[2m[22m
[2m      [2mat runWithFiberInDEV 
([22m[2m../../node_modules/react-test-renderer/cjs/react-test-renderer.development.js[2m:1574:13)[22m[2m[22m
[2m      [2mat warnIfUpdatesNotWrappedWithActDEV 
([22m[2m../../node_modules/react-test-renderer/cjs/react-test-renderer.development.js[2m:11800:9)[22m[2m[22m
[2m      [2mat scheduleUpdateOnFiber 
([22m[2m../../node_modules/react-test-renderer/cjs/react-test-renderer.development.js[2m:10326:9)[22m[2m[22m
[2m      [2mat dispatchSetStateInternal 
([22m[2m../../node_modules/react-test-renderer/cjs/react-test-renderer.development.js[2m:4148:13)[22m[2m[22m
[2m      [2mat dispatchSetState 
([22m[2m../../node_modules/react-test-renderer/cjs/react-test-renderer.development.js[2m:4107:7)[22m[2m[22m
[2m      [2mat Object.setLoading ([22m[2msrc/services/auth.service.tsx[2m:215:5)[22m[2m[22m
[2m      [2mat asyncGeneratorStep 
([22m[2m../../node_modules/@babel/runtime/helpers/asyncToGenerator.js[2m:3:17)[22m[2m[22m
[2m      [2mat _next ([22m[2m../../node_modules/@babel/runtime/helpers/asyncToGenerator.js[2m:17:9)[22m[2m[22m
[2m      [2mat [22m[2m../../node_modules/@babel/runtime/helpers/asyncToGenerator.js[2m:22:7[22m[2m[22m
[2m      [2mat Object.<anonymous> 
([22m[2m../../node_modules/@babel/runtime/helpers/asyncToGenerator.js[2m:14:12)[22m[2m[22m
[2m      [2mat Object.apply [as onPress] ([22m[2msrc/services/auth.service.tsx[2m:210:15)[22m[2m[22m
[2m      [2mat Object.onPress 
([22m[2m[0m[36msrc/services/auth.service.spec.tsx[39m[0m[2m:148:33)[22m[2m[22m
[2m      [2mat asyncGeneratorStep 
([22m[2m../../node_modules/@babel/runtime/helpers/asyncToGenerator.js[2m:3:17)[22m[2m[22m
[2m      [2mat _next ([22m[2m../../node_modules/@babel/runtime/helpers/asyncToGenerator.js[2m:17:9)[22m[2m[22m

[0m[7m[1m[32m PASS [39m[22m[27m[0m [0m[7m[37m mobile [39m[27m[0m 
[2msrc/app/[22m[1mdocumentation.spec.tsx[22m
[0m[7m[1m[32m PASS [39m[22m[27m[0m [0m[7m[37m mobile [39m[27m[0m 
[2msrc/storage/repositories/[22m[1msync-queue.repository.spec.ts[22m
  [1mΓùÅ [22mConsole

    [2m[33mconsole.warn[39m[22m
[33m      [≡ƒìë] LokiJSAdapter {useIncrementalIndexedDB: false} option is now deprecated. If you rely on this 
feature, please file an issue[39m
[2m[22m
[2m    [0m [90m 3 |[39m [36mexport[39m [36mdefault[39m [36mclass[39m [33mMockSQLiteAdapter[39m 
[36mextends[39m [33mLokiJSAdapter[39m {[22m
[2m     [90m 4 |[39m   [90m// eslint-disable-next-line @typescript-eslint/no-explicit-any[39m[22m
[2m    [31m[1m>[22m[2m[39m[90m 5 |[39m   constructor(config[33m:[39m any) {[22m
[2m     [90m   |[39m                            [31m[1m^[22m[2m[39m[22m
[2m     [90m 6 |[39m     [36msuper[39m({[22m
[2m     [90m 7 |[39m       schema[33m:[39m config[33m.[39mschema[33m,[39m[22m
[2m     [90m 8 |[39m       migrations[33m:[39m config[33m.[39mmigrations[33m,[39m[0m[22m
[2m[22m
[2m      [2mat Logger._proto.warn 
([22m[2m../../node_modules/@nozbe/watermelondb/utils/common/logger/index.js[2m:27:47)[22m[2m[22m
[2m      [2mat new LokiJSAdapter 
([22m[2m../../node_modules/@nozbe/watermelondb/adapters/lokijs/index.js[2m:33:25)[22m[2m[22m
[2m      [2mat _callSuper ([22m[2m../../node_modules/@babel/runtime/helpers/callSuper.js[2m:5:99)[22m[2m[22m
[2m      [2mat new MockSQLiteAdapter ([22m[2msrc/storage/__mocks__/sqlite-mock.ts[2m:5:28)[22m[2m[22m
[2m      [2mat getDatabase ([22m[2msrc/storage/index.ts[2m:25:21)[22m[2m[22m
[2m      [2mat Object.getDatabase [as get] ([22m[2msrc/storage/index.ts[2m:60:13)[22m[2m[22m
[2m      [2mat Object.get ([22m[2msrc/storage/repositories/sync-queue.repository.ts[2m:17:38)[22m[2m[22m
[2m      [2mat Object.require 
([22m[2m[0m[36msrc/storage/repositories/sync-queue.repository.spec.ts[39m[0m[2m:1:1)[22m[2m[22m

    [2mconsole.log[22m
      [≡ƒìë] [Loki] Initializing IndexedDB
[2m[22m
[2m      [2mat Logger._proto.log 
([22m[2m../../node_modules/@nozbe/watermelondb/utils/common/logger/index.js[2m:23:46)[22m[2m[22m

    [2mconsole.log[22m
      [≡ƒìë] [Loki] Database loaded
[2m[22m
[2m      [2mat Logger._proto.log 
([22m[2m../../node_modules/@nozbe/watermelondb/utils/common/logger/index.js[2m:23:46)[22m[2m[22m

    [2mconsole.log[22m
      [≡ƒìë] [Loki] Empty database, setting up
[2m[22m
[2m      [2mat Logger._proto.log 
([22m[2m../../node_modules/@nozbe/watermelondb/utils/common/logger/index.js[2m:23:46)[22m[2m[22m

    [2mconsole.log[22m
      [≡ƒìë] [Loki] Database is now reset
[2m[22m
[2m      [2mat Logger._proto.log 
([22m[2m../../node_modules/@nozbe/watermelondb/utils/common/logger/index.js[2m:23:46)[22m[2m[22m

    [2mconsole.log[22m
      [≡ƒìë] [Loki] Initializing IndexedDB
[2m[22m
[2m      [2mat Logger._proto.log 
([22m[2m../../node_modules/@nozbe/watermelondb/utils/common/logger/index.js[2m:23:46)[22m[2m[22m

    [2mconsole.log[22m
      [≡ƒìë] [Loki] Database loaded
[2m[22m
[2m      [2mat Logger._proto.log 
([22m[2m../../node_modules/@nozbe/watermelondb/utils/common/logger/index.js[2m:23:46)[22m[2m[22m

    [2mconsole.log[22m
      [≡ƒìë] [Loki] Setting up schema
[2m[22m
[2m      [2mat Logger._proto.log 
([22m[2m../../node_modules/@nozbe/watermelondb/utils/common/logger/index.js[2m:23:46)[22m[2m[22m

    [2mconsole.log[22m
      [≡ƒìë] [Loki] Database collections set up
[2m[22m
[2m      [2mat Logger._proto.log 
([22m[2m../../node_modules/@nozbe/watermelondb/utils/common/logger/index.js[2m:23:46)[22m[2m[22m

[0m[7m[1m[32m PASS [39m[22m[27m[0m [0m[7m[37m mobile [39m[27m[0m 
[2msrc/storage/repositories/[22m[1mservice-logs.repository.spec.ts[22m
  [1mΓùÅ [22mConsole

    [2m[33mconsole.warn[39m[22m
[33m      [≡ƒìë] LokiJSAdapter {useIncrementalIndexedDB: false} option is now deprecated. If you rely on this 
feature, please file an issue[39m
[2m[22m
[2m    [0m [90m 3 |[39m [36mexport[39m [36mdefault[39m [36mclass[39m [33mMockSQLiteAdapter[39m 
[36mextends[39m [33mLokiJSAdapter[39m {[22m
[2m     [90m 4 |[39m   [90m// eslint-disable-next-line @typescript-eslint/no-explicit-any[39m[22m
[2m    [31m[1m>[22m[2m[39m[90m 5 |[39m   constructor(config[33m:[39m any) {[22m
[2m     [90m   |[39m                            [31m[1m^[22m[2m[39m[22m
[2m     [90m 6 |[39m     [36msuper[39m({[22m
[2m     [90m 7 |[39m       schema[33m:[39m config[33m.[39mschema[33m,[39m[22m
[2m     [90m 8 |[39m       migrations[33m:[39m config[33m.[39mmigrations[33m,[39m[0m[22m
[2m[22m
[2m      [2mat Logger._proto.warn 
([22m[2m../../node_modules/@nozbe/watermelondb/utils/common/logger/index.js[2m:27:47)[22m[2m[22m
[2m      [2mat new LokiJSAdapter 
([22m[2m../../node_modules/@nozbe/watermelondb/adapters/lokijs/index.js[2m:33:25)[22m[2m[22m
[2m      [2mat _callSuper ([22m[2m../../node_modules/@babel/runtime/helpers/callSuper.js[2m:5:99)[22m[2m[22m
[2m      [2mat new MockSQLiteAdapter ([22m[2msrc/storage/__mocks__/sqlite-mock.ts[2m:5:28)[22m[2m[22m
[2m      [2mat getDatabase ([22m[2msrc/storage/index.ts[2m:25:21)[22m[2m[22m
[2m      [2mat Object.getDatabase [as get] ([22m[2msrc/storage/index.ts[2m:60:13)[22m[2m[22m
[2m      [2mat Object.get ([22m[2msrc/storage/repositories/sync-queue.repository.ts[2m:17:38)[22m[2m[22m
[2m      [2mat Object.require ([22m[2msrc/storage/repositories/service-logs.repository.ts[2m:6:1)[22m[2m[22m
[2m      [2mat Object.require 
([22m[2m[0m[36msrc/storage/repositories/service-logs.repository.spec.ts[39m[0m[2m:2:1)[22m[2m[22m

    [2mconsole.log[22m
      [≡ƒìë] [Loki] Initializing IndexedDB
[2m[22m
[2m      [2mat Logger._proto.log 
([22m[2m../../node_modules/@nozbe/watermelondb/utils/common/logger/index.js[2m:23:46)[22m[2m[22m

    [2mconsole.log[22m
      [≡ƒìë] [Loki] Database loaded
[2m[22m
[2m      [2mat Logger._proto.log 
([22m[2m../../node_modules/@nozbe/watermelondb/utils/common/logger/index.js[2m:23:46)[22m[2m[22m

    [2mconsole.log[22m
      [≡ƒìë] [Loki] Empty database, setting up
[2m[22m
[2m      [2mat Logger._proto.log 
([22m[2m../../node_modules/@nozbe/watermelondb/utils/common/logger/index.js[2m:23:46)[22m[2m[22m

    [2mconsole.log[22m
      [≡ƒìë] [Loki] Database is now reset
[2m[22m
[2m      [2mat Logger._proto.log 
([22m[2m../../node_modules/@nozbe/watermelondb/utils/common/logger/index.js[2m:23:46)[22m[2m[22m

    [2mconsole.log[22m
      [≡ƒìë] [Loki] Initializing IndexedDB
[2m[22m
[2m      [2mat Logger._proto.log 
([22m[2m../../node_modules/@nozbe/watermelondb/utils/common/logger/index.js[2m:23:46)[22m[2m[22m

    [2mconsole.log[22m
      [≡ƒìë] [Loki] Database loaded
[2m[22m
[2m      [2mat Logger._proto.log 
([22m[2m../../node_modules/@nozbe/watermelondb/utils/common/logger/index.js[2m:23:46)[22m[2m[22m

    [2mconsole.log[22m
      [≡ƒìë] [Loki] Setting up schema
[2m[22m
[2m      [2mat Logger._proto.log 
([22m[2m../../node_modules/@nozbe/watermelondb/utils/common/logger/index.js[2m:23:46)[22m[2m[22m

    [2mconsole.log[22m
      [≡ƒìë] [Loki] Database collections set up
[2m[22m
[2m      [2mat Logger._proto.log 
([22m[2m../../node_modules/@nozbe/watermelondb/utils/common/logger/index.js[2m:23:46)[22m[2m[22m

[0m[7m[1m[32m PASS [39m[22m[27m[0m [0m[7m[37m mobile [39m[27m[0m [2msrc/app/[22m[1mhome.spec.tsx[22m
[0m[7m[1m[32m PASS [39m[22m[27m[0m [0m[7m[37m mobile [39m[27m[0m 
[2msrc/storage/repositories/[22m[1mcatalog.repository.spec.ts[22m
  [1mΓùÅ [22mConsole

    [2m[33mconsole.warn[39m[22m
[33m      [≡ƒìë] LokiJSAdapter {useIncrementalIndexedDB: false} option is now deprecated. If you rely on this 
feature, please file an issue[39m
[2m[22m
[2m    [0m [90m 3 |[39m [36mexport[39m [36mdefault[39m [36mclass[39m [33mMockSQLiteAdapter[39m 
[36mextends[39m [33mLokiJSAdapter[39m {[22m
[2m     [90m 4 |[39m   [90m// eslint-disable-next-line @typescript-eslint/no-explicit-any[39m[22m
[2m    [31m[1m>[22m[2m[39m[90m 5 |[39m   constructor(config[33m:[39m any) {[22m
[2m     [90m   |[39m                            [31m[1m^[22m[2m[39m[22m
[2m     [90m 6 |[39m     [36msuper[39m({[22m
[2m     [90m 7 |[39m       schema[33m:[39m config[33m.[39mschema[33m,[39m[22m
[2m     [90m 8 |[39m       migrations[33m:[39m config[33m.[39mmigrations[33m,[39m[0m[22m
[2m[22m
[2m      [2mat Logger._proto.warn 
([22m[2m../../node_modules/@nozbe/watermelondb/utils/common/logger/index.js[2m:27:47)[22m[2m[22m
[2m      [2mat new LokiJSAdapter 
([22m[2m../../node_modules/@nozbe/watermelondb/adapters/lokijs/index.js[2m:33:25)[22m[2m[22m
[2m      [2mat _callSuper ([22m[2m../../node_modules/@babel/runtime/helpers/callSuper.js[2m:5:99)[22m[2m[22m
[2m      [2mat new MockSQLiteAdapter ([22m[2msrc/storage/__mocks__/sqlite-mock.ts[2m:5:28)[22m[2m[22m
[2m      [2mat getDatabase ([22m[2msrc/storage/index.ts[2m:25:21)[22m[2m[22m
[2m      [2mat Object.getDatabase [as get] ([22m[2msrc/storage/index.ts[2m:60:13)[22m[2m[22m
[2m      [2mat Object.get ([22m[2msrc/storage/repositories/catalog.repository.ts[2m:9:41)[22m[2m[22m
[2m      [2mat Object.require 
([22m[2m[0m[36msrc/storage/repositories/catalog.repository.spec.ts[39m[0m[2m:1:1)[22m[2m[22m

    [2mconsole.log[22m
      [≡ƒìë] [Loki] Initializing IndexedDB
[2m[22m
[2m      [2mat Logger._proto.log 
([22m[2m../../node_modules/@nozbe/watermelondb/utils/common/logger/index.js[2m:23:46)[22m[2m[22m

    [2mconsole.log[22m
      [≡ƒìë] [Loki] Database loaded
[2m[22m
[2m      [2mat Logger._proto.log 
([22m[2m../../node_modules/@nozbe/watermelondb/utils/common/logger/index.js[2m:23:46)[22m[2m[22m

    [2mconsole.log[22m
      [≡ƒìë] [Loki] Empty database, setting up
[2m[22m
[2m      [2mat Logger._proto.log 
([22m[2m../../node_modules/@nozbe/watermelondb/utils/common/logger/index.js[2m:23:46)[22m[2m[22m

    [2mconsole.log[22m
      [≡ƒìë] [Loki] Database is now reset
[2m[22m
[2m      [2mat Logger._proto.log 
([22m[2m../../node_modules/@nozbe/watermelondb/utils/common/logger/index.js[2m:23:46)[22m[2m[22m

    [2mconsole.log[22m
      [≡ƒìë] [Loki] Initializing IndexedDB
[2m[22m
[2m      [2mat Logger._proto.log 
([22m[2m../../node_modules/@nozbe/watermelondb/utils/common/logger/index.js[2m:23:46)[22m[2m[22m

    [2mconsole.log[22m
      [≡ƒìë] [Loki] Database loaded
[2m[22m
[2m      [2mat Logger._proto.log 
([22m[2m../../node_modules/@nozbe/watermelondb/utils/common/logger/index.js[2m:23:46)[22m[2m[22m

    [2mconsole.log[22m
      [≡ƒìë] [Loki] Setting up schema
[2m[22m
[2m      [2mat Logger._proto.log 
([22m[2m../../node_modules/@nozbe/watermelondb/utils/common/logger/index.js[2m:23:46)[22m[2m[22m

    [2mconsole.log[22m
      [≡ƒìë] [Loki] Database collections set up
[2m[22m
[2m      [2mat Logger._proto.log 
([22m[2m../../node_modules/@nozbe/watermelondb/utils/common/logger/index.js[2m:23:46)[22m[2m[22m

[0m[7m[1m[32m PASS [39m[22m[27m[0m [0m[7m[37m mobile [39m[27m[0m 
[2msrc/storage/repositories/[22m[1mwarranties.repository.spec.ts[22m
  [1mΓùÅ [22mConsole

    [2m[33mconsole.warn[39m[22m
[33m      [≡ƒìë] LokiJSAdapter {useIncrementalIndexedDB: false} option is now deprecated. If you rely on this 
feature, please file an issue[39m
[2m[22m
[2m    [0m [90m 3 |[39m [36mexport[39m [36mdefault[39m [36mclass[39m [33mMockSQLiteAdapter[39m 
[36mextends[39m [33mLokiJSAdapter[39m {[22m
[2m     [90m 4 |[39m   [90m// eslint-disable-next-line @typescript-eslint/no-explicit-any[39m[22m
[2m    [31m[1m>[22m[2m[39m[90m 5 |[39m   constructor(config[33m:[39m any) {[22m
[2m     [90m   |[39m                            [31m[1m^[22m[2m[39m[22m
[2m     [90m 6 |[39m     [36msuper[39m({[22m
[2m     [90m 7 |[39m       schema[33m:[39m config[33m.[39mschema[33m,[39m[22m
[2m     [90m 8 |[39m       migrations[33m:[39m config[33m.[39mmigrations[33m,[39m[0m[22m
[2m[22m
[2m      [2mat Logger._proto.warn 
([22m[2m../../node_modules/@nozbe/watermelondb/utils/common/logger/index.js[2m:27:47)[22m[2m[22m
[2m      [2mat new LokiJSAdapter 
([22m[2m../../node_modules/@nozbe/watermelondb/adapters/lokijs/index.js[2m:33:25)[22m[2m[22m
[2m      [2mat _callSuper ([22m[2m../../node_modules/@babel/runtime/helpers/callSuper.js[2m:5:99)[22m[2m[22m
[2m      [2mat new MockSQLiteAdapter ([22m[2msrc/storage/__mocks__/sqlite-mock.ts[2m:5:28)[22m[2m[22m
[2m      [2mat getDatabase ([22m[2msrc/storage/index.ts[2m:25:21)[22m[2m[22m
[2m      [2mat Object.getDatabase [as get] ([22m[2msrc/storage/index.ts[2m:60:13)[22m[2m[22m
[2m      [2mat Object.get ([22m[2msrc/storage/repositories/sync-queue.repository.ts[2m:17:38)[22m[2m[22m
[2m      [2mat Object.require ([22m[2msrc/storage/repositories/warranties.repository.ts[2m:6:1)[22m[2m[22m
[2m      [2mat Object.require 
([22m[2m[0m[36msrc/storage/repositories/warranties.repository.spec.ts[39m[0m[2m:2:1)[22m[2m[22m

    [2mconsole.log[22m
      [≡ƒìë] [Loki] Initializing IndexedDB
[2m[22m
[2m      [2mat Logger._proto.log 
([22m[2m../../node_modules/@nozbe/watermelondb/utils/common/logger/index.js[2m:23:46)[22m[2m[22m

    [2mconsole.log[22m
      [≡ƒìë] [Loki] Database loaded
[2m[22m
[2m      [2mat Logger._proto.log 
([22m[2m../../node_modules/@nozbe/watermelondb/utils/common/logger/index.js[2m:23:46)[22m[2m[22m

    [2mconsole.log[22m
      [≡ƒìë] [Loki] Empty database, setting up
[2m[22m
[2m      [2mat Logger._proto.log 
([22m[2m../../node_modules/@nozbe/watermelondb/utils/common/logger/index.js[2m:23:46)[22m[2m[22m

    [2mconsole.log[22m
      [≡ƒìë] [Loki] Database is now reset
[2m[22m
[2m      [2mat Logger._proto.log 
([22m[2m../../node_modules/@nozbe/watermelondb/utils/common/logger/index.js[2m:23:46)[22m[2m[22m

    [2mconsole.log[22m
      [≡ƒìë] [Loki] Initializing IndexedDB
[2m[22m
[2m      [2mat Logger._proto.log 
([22m[2m../../node_modules/@nozbe/watermelondb/utils/common/logger/index.js[2m:23:46)[22m[2m[22m

    [2mconsole.log[22m
      [≡ƒìë] [Loki] Database loaded
[2m[22m
[2m      [2mat Logger._proto.log 
([22m[2m../../node_modules/@nozbe/watermelondb/utils/common/logger/index.js[2m:23:46)[22m[2m[22m

    [2mconsole.log[22m
      [≡ƒìë] [Loki] Setting up schema
[2m[22m
[2m      [2mat Logger._proto.log 
([22m[2m../../node_modules/@nozbe/watermelondb/utils/common/logger/index.js[2m:23:46)[22m[2m[22m

    [2mconsole.log[22m
      [≡ƒìë] [Loki] Database collections set up
[2m[22m
[2m      [2mat Logger._proto.log 
([22m[2m../../node_modules/@nozbe/watermelondb/utils/common/logger/index.js[2m:23:46)[22m[2m[22m

[0m[7m[1m[32m PASS [39m[22m[27m[0m [0m[7m[37m mobile [39m[27m[0m 
[2msrc/storage/repositories/[22m[1mjobs.repository.spec.ts[22m
  [1mΓùÅ [22mConsole

    [2m[33mconsole.warn[39m[22m
[33m      [≡ƒìë] LokiJSAdapter {useIncrementalIndexedDB: false} option is now deprecated. If you rely on this 
feature, please file an issue[39m
[2m[22m
[2m    [0m [90m 3 |[39m [36mexport[39m [36mdefault[39m [36mclass[39m [33mMockSQLiteAdapter[39m 
[36mextends[39m [33mLokiJSAdapter[39m {[22m
[2m     [90m 4 |[39m   [90m// eslint-disable-next-line @typescript-eslint/no-explicit-any[39m[22m
[2m    [31m[1m>[22m[2m[39m[90m 5 |[39m   constructor(config[33m:[39m any) {[22m
[2m     [90m   |[39m                            [31m[1m^[22m[2m[39m[22m
[2m     [90m 6 |[39m     [36msuper[39m({[22m
[2m     [90m 7 |[39m       schema[33m:[39m config[33m.[39mschema[33m,[39m[22m
[2m     [90m 8 |[39m       migrations[33m:[39m config[33m.[39mmigrations[33m,[39m[0m[22m
[2m[22m
[2m      [2mat Logger._proto.warn 
([22m[2m../../node_modules/@nozbe/watermelondb/utils/common/logger/index.js[2m:27:47)[22m[2m[22m
[2m      [2mat new LokiJSAdapter 
([22m[2m../../node_modules/@nozbe/watermelondb/adapters/lokijs/index.js[2m:33:25)[22m[2m[22m
[2m      [2mat _callSuper ([22m[2m../../node_modules/@babel/runtime/helpers/callSuper.js[2m:5:99)[22m[2m[22m
[2m      [2mat new MockSQLiteAdapter ([22m[2msrc/storage/__mocks__/sqlite-mock.ts[2m:5:28)[22m[2m[22m
[2m      [2mat getDatabase ([22m[2msrc/storage/index.ts[2m:25:21)[22m[2m[22m
[2m      [2mat Object.getDatabase [as get] ([22m[2msrc/storage/index.ts[2m:60:13)[22m[2m[22m
[2m      [2mat Object.get ([22m[2msrc/storage/repositories/sync-queue.repository.ts[2m:17:38)[22m[2m[22m
[2m      [2mat Object.require ([22m[2msrc/storage/repositories/jobs.repository.ts[2m:5:1)[22m[2m[22m
[2m      [2mat Object.require 
([22m[2m[0m[36msrc/storage/repositories/jobs.repository.spec.ts[39m[0m[2m:1:1)[22m[2m[22m

    [2mconsole.log[22m
      [≡ƒìë] [Loki] Initializing IndexedDB
[2m[22m
[2m      [2mat Logger._proto.log 
([22m[2m../../node_modules/@nozbe/watermelondb/utils/common/logger/index.js[2m:23:46)[22m[2m[22m

    [2mconsole.log[22m
      [≡ƒìë] [Loki] Database loaded
[2m[22m
[2m      [2mat Logger._proto.log 
([22m[2m../../node_modules/@nozbe/watermelondb/utils/common/logger/index.js[2m:23:46)[22m[2m[22m

    [2mconsole.log[22m
      [≡ƒìë] [Loki] Empty database, setting up
[2m[22m
[2m      [2mat Logger._proto.log 
([22m[2m../../node_modules/@nozbe/watermelondb/utils/common/logger/index.js[2m:23:46)[22m[2m[22m

    [2mconsole.log[22m
      [≡ƒìë] [Loki] Database is now reset
[2m[22m
[2m      [2mat Logger._proto.log 
([22m[2m../../node_modules/@nozbe/watermelondb/utils/common/logger/index.js[2m:23:46)[22m[2m[22m

    [2mconsole.log[22m
      [≡ƒìë] [Loki] Initializing IndexedDB
[2m[22m
[2m      [2mat Logger._proto.log 
([22m[2m../../node_modules/@nozbe/watermelondb/utils/common/logger/index.js[2m:23:46)[22m[2m[22m

    [2mconsole.log[22m
      [≡ƒìë] [Loki] Database loaded
[2m[22m
[2m      [2mat Logger._proto.log 
([22m[2m../../node_modules/@nozbe/watermelondb/utils/common/logger/index.js[2m:23:46)[22m[2m[22m

    [2mconsole.log[22m
      [≡ƒìë] [Loki] Setting up schema
[2m[22m
[2m      [2mat Logger._proto.log 
([22m[2m../../node_modules/@nozbe/watermelondb/utils/common/logger/index.js[2m:23:46)[22m[2m[22m

    [2mconsole.log[22m
      [≡ƒìë] [Loki] Database collections set up
[2m[22m
[2m      [2mat Logger._proto.log 
([22m[2m../../node_modules/@nozbe/watermelondb/utils/common/logger/index.js[2m:23:46)[22m[2m[22m

[0m[7m[1m[32m PASS [39m[22m[27m[0m [0m[7m[37m mobile [39m[27m[0m 
[2msrc/storage/repositories/[22m[1mexpenses.repository.spec.ts[22m
  [1mΓùÅ [22mConsole

    [2m[33mconsole.warn[39m[22m
[33m      [≡ƒìë] LokiJSAdapter {useIncrementalIndexedDB: false} option is now deprecated. If you rely on this 
feature, please file an issue[39m
[2m[22m
[2m    [0m [90m 3 |[39m [36mexport[39m [36mdefault[39m [36mclass[39m [33mMockSQLiteAdapter[39m 
[36mextends[39m [33mLokiJSAdapter[39m {[22m
[2m     [90m 4 |[39m   [90m// eslint-disable-next-line @typescript-eslint/no-explicit-any[39m[22m
[2m    [31m[1m>[22m[2m[39m[90m 5 |[39m   constructor(config[33m:[39m any) {[22m
[2m     [90m   |[39m                            [31m[1m^[22m[2m[39m[22m
[2m     [90m 6 |[39m     [36msuper[39m({[22m
[2m     [90m 7 |[39m       schema[33m:[39m config[33m.[39mschema[33m,[39m[22m
[2m     [90m 8 |[39m       migrations[33m:[39m config[33m.[39mmigrations[33m,[39m[0m[22m
[2m[22m
[2m      [2mat Logger._proto.warn 
([22m[2m../../node_modules/@nozbe/watermelondb/utils/common/logger/index.js[2m:27:47)[22m[2m[22m
[2m      [2mat new LokiJSAdapter 
([22m[2m../../node_modules/@nozbe/watermelondb/adapters/lokijs/index.js[2m:33:25)[22m[2m[22m
[2m      [2mat _callSuper ([22m[2m../../node_modules/@babel/runtime/helpers/callSuper.js[2m:5:99)[22m[2m[22m
[2m      [2mat new MockSQLiteAdapter ([22m[2msrc/storage/__mocks__/sqlite-mock.ts[2m:5:28)[22m[2m[22m
[2m      [2mat getDatabase ([22m[2msrc/storage/index.ts[2m:25:21)[22m[2m[22m
[2m      [2mat Object.getDatabase [as get] ([22m[2msrc/storage/index.ts[2m:60:13)[22m[2m[22m
[2m      [2mat Object.get ([22m[2msrc/storage/repositories/sync-queue.repository.ts[2m:17:38)[22m[2m[22m
[2m      [2mat Object.require ([22m[2msrc/storage/repositories/expenses.repository.ts[2m:3:1)[22m[2m[22m
[2m      [2mat Object.require 
([22m[2m[0m[36msrc/storage/repositories/expenses.repository.spec.ts[39m[0m[2m:1:1)[22m[2m[22m

    [2mconsole.log[22m
      [≡ƒìë] [Loki] Initializing IndexedDB
[2m[22m
[2m      [2mat Logger._proto.log 
([22m[2m../../node_modules/@nozbe/watermelondb/utils/common/logger/index.js[2m:23:46)[22m[2m[22m

    [2mconsole.log[22m
      [≡ƒìë] [Loki] Database loaded
[2m[22m
[2m      [2mat Logger._proto.log 
([22m[2m../../node_modules/@nozbe/watermelondb/utils/common/logger/index.js[2m:23:46)[22m[2m[22m

    [2mconsole.log[22m
      [≡ƒìë] [Loki] Empty database, setting up
[2m[22m
[2m      [2mat Logger._proto.log 
([22m[2m../../node_modules/@nozbe/watermelondb/utils/common/logger/index.js[2m:23:46)[22m[2m[22m

    [2mconsole.log[22m
      [≡ƒìë] [Loki] Database is now reset
[2m[22m
[2m      [2mat Logger._proto.log 
([22m[2m../../node_modules/@nozbe/watermelondb/utils/common/logger/index.js[2m:23:46)[22m[2m[22m

    [2mconsole.log[22m
      [≡ƒìë] [Loki] Initializing IndexedDB
[2m[22m
[2m      [2mat Logger._proto.log 
([22m[2m../../node_modules/@nozbe/watermelondb/utils/common/logger/index.js[2m:23:46)[22m[2m[22m

    [2mconsole.log[22m
      [≡ƒìë] [Loki] Database loaded
[2m[22m
[2m      [2mat Logger._proto.log 
([22m[2m../../node_modules/@nozbe/watermelondb/utils/common/logger/index.js[2m:23:46)[22m[2m[22m

    [2mconsole.log[22m
      [≡ƒìë] [Loki] Setting up schema
[2m[22m
[2m      [2mat Logger._proto.log 
([22m[2m../../node_modules/@nozbe/watermelondb/utils/common/logger/index.js[2m:23:46)[22m[2m[22m

    [2mconsole.log[22m
      [≡ƒìë] [Loki] Database collections set up
[2m[22m
[2m      [2mat Logger._proto.log 
([22m[2m../../node_modules/@nozbe/watermelondb/utils/common/logger/index.js[2m:23:46)[22m[2m[22m

[0m[7m[1m[32m PASS [39m[22m[27m[0m [0m[7m[37m mobile [39m[27m[0m 
[2msrc/services/[22m[1manalytics-api.service.spec.ts[22m
[0m[7m[1m[32m PASS [39m[22m[27m[0m [0m[7m[37m mobile [39m[27m[0m 
[2msrc/services/[22m[1mlibrary-api.service.spec.ts[22m
[0m[7m[1m[32m PASS [39m[22m[27m[0m [0m[7m[37m mobile [39m[27m[0m [2msrc/[22m[1mApp.spec.tsx[22m
[33mA worker process has failed to exit gracefully and has been force exited. This is likely caused by tests leaking 
due to improper teardown. Try running with --detectOpenHandles to find leaks. Active timers can also cause this, 
ensure that .unref() was called on them.[39m

[1mTest Suites: [22m[1m[31m2 failed[39m[22m, [1m[32m13 passed[39m[22m, 15 total
[1mTests:       [22m[1m[31m7 failed[39m[22m, [1m[32m56 passed[39m[22m, 63 total
[1mSnapshots:   [22m0 total
[1mTime:[22m        7.996 s, estimated 8 s
[2mRan all test suites[22m[2m.[22m

[2m[31m[39m[22m

[7m[1m[31m NX [39m[22m[27m  [31mRunning target [1mtest[22m for project mobile failed[39m

[2mFailed tasks:[22m

[2m-[22m mobile:test

[2mHint: run the command with[22m --verbose [2mfor more details.[22m


[7m[1m[38;5;214m NX [39m[22m[27m  [38;5;214mStoring terminal outputs for mobile:test with hash 18177515637742178651[39m


[7m[1m[38;5;214m NX [39m[22m[27m  [38;5;214mNx Cloud: Queued store request #1 for 18177515637742178651[39m

Operation: storeTerminalOutputsInCache
Pending requests: 1


[7m[1m[38;5;214m NX [39m[22m[27m  [38;5;214mNx Cloud: Storing 18177515637742178651 with storeV2[39m


[7m[1m[38;5;214m NX [39m[22m[27m  [38;5;214mNx Cloud: Stored 18177515637742178651 C:\Users\aalid\A3Service\.nx\cache\terminalOutputs\18177515637742178651[39m


[7m[1m[38;5;214m NX [39m[22m[27m  [38;5;214mNx Cloud: Store request #1 settled for 18177515637742178651[39m

Operation: storeTerminalOutputsInCache
Result: true
Duration: 343ms


[7m[1m[38;5;214m NX [39m[22m[27m  [38;5;214mTiming for storing artifacts to the remote cache: 0ms[39m

ProjectGraphCheck duration: 191
[Nx Cloud] Unable to detect a VCS context from the environment.

[7m[1m[38;5;214m NX [39m[22m[27m  [38;5;214mRunEnd. Completed tasks[39m


[
  "mobile:test"
]

RunEnd duration: 135
[2mView structured, searchable error logs at https://cloud.nx.app/runs/pN2EolrUEP[22m

Warning: command "jest" exited with non-zero status code
